// Jest Snapshot v1, https://goo.gl/fbAQLP

exports[`snapshot 1`] = `
<View
  style={
    Object {
      "alignItems": "center",
      "backgroundColor": "#DDDDDD",
      "flex": 1,
      "justifyContent": "center",
    }
  }
>
  <Text
    style={
      Object {
        "fontFamily": "Verdana",
        "fontSize": 16,
        "fontWeight": "bold",
      }
    }
  >
    Appointment Booking App
  </Text>
</View>
`;
